src/context/LanguageContext.tsx(667,5): error TS1005: ',' expected.
